{
  "data": {
    "machines": [
      {
        "time": "1970-01-01T00:00:00.000Z",
        "name": "DummyCastFilm",
        "machineType": "Extrusion",
        "machineId": "EQ00001",
        "machineFamily": "CAST_FILM",
        "department": "EXTRUSION"
      },
      {
        "time": "1970-01-01T01:00:00.000Z",
        "name": "DummyCastFilm",
        "machineType": "Extrusion",
        "machineId": "EQ00002",
        "machineFamily": "CAST_FILM",
        "department": "EXTRUSION"
      }
    ]
  }
}
