{
  "data": {
    "machine": {
      "actualProcessValues": {
        "thicknessProfiles": {
          "mostRelevantProfile": {
            "type": "PRIMARY",
            "xAxisUnit": "°",
            "meanValue": {
              "unit": "mm",
              "value": 100
            },
            "twoSigma": {
              "unit": "mm",
              "value": 200
            },
            "isControllerOn": true,
            "controlElements": [
              {
                "key": 0,
                "value": 1
              },
              {
                "key": 1,
                "value": 2
              },
              {
                "key": 2,
                "value": 3
              }
            ],
            "dataPointsCount": 480,
            "dataPoints": [
              {
                "key": 0,
                "value": -99
              },
              {
                "key": 1,
                "value": -98
              },
              {
                "key": 2,
                "value": -97
              },
              {
                "key": 3,
                "value": -96
              },
              {
                "key": 4,
                "value": -95
              },
              {
                "key": 5,
                "value": -94
              },
              {
                "key": 6,
                "value": -93
              },
              {
                "key": 7,
                "value": -92
              },
              {
                "key": 8,
                "value": -91
              },
              {
                "key": 9,
                "value": -90
              },
              {
                "key": 10,
                "value": -89
              },
              {
                "key": 11,
                "value": -88
              },
              {
                "key": 12,
                "value": -86
              },
              {
                "key": 13,
                "value": -85
              },
              {
                "key": 14,
                "value": -84
              },
              {
                "key": 15,
                "value": -83
              },
              {
                "key": 16,
                "value": -82
              },
              {
                "key": 17,
                "value": -81
              },
              {
                "key": 18,
                "value": -80
              },
              {
                "key": 19,
                "value": -79
              },
              {
                "key": 20,
                "value": -78
              },
              {
                "key": 21,
                "value": -77
              },
              {
                "key": 22,
                "value": -76
              },
              {
                "key": 23,
                "value": -75
              },
              {
                "key": 24,
                "value": -74
              },
              {
                "key": 25,
                "value": -73
              },
              {
                "key": 26,
                "value": -72
              },
              {
                "key": 27,
                "value": -71
              },
              {
                "key": 28,
                "value": -70
              },
              {
                "key": 29,
                "value": -69
              },
              {
                "key": 30,
                "value": -68
              },
              {
                "key": 31,
                "value": -67
              },
              {
                "key": 32,
                "value": -65.99999999999999
              },
              {
                "key": 33,
                "value": -65
              },
              {
                "key": 34,
                "value": -64
              },
              {
                "key": 35,
                "value": -63
              },
              {
                "key": 36,
                "value": -61
              },
              {
                "key": 37,
                "value": -60
              },
              {
                "key": 38,
                "value": -59.00000000000001
              },
              {
                "key": 39,
                "value": -58.00000000000001
              },
              {
                "key": 40,
                "value": -57.00000000000001
              },
              {
                "key": 41,
                "value": -56.00000000000001
              },
              {
                "key": 42,
                "value": -55.00000000000001
              },
              {
                "key": 43,
                "value": -54
              },
              {
                "key": 44,
                "value": -53
              },
              {
                "key": 45,
                "value": -52
              },
              {
                "key": 46,
                "value": -51
              },
              {
                "key": 47,
                "value": -50
              },
              {
                "key": 48,
                "value": -49
              },
              {
                "key": 49,
                "value": -48
              },
              {
                "key": 50,
                "value": -47
              },
              {
                "key": 51,
                "value": -46
              },
              {
                "key": 52,
                "value": -44.99999999999999
              },
              {
                "key": 53,
                "value": -43.99999999999999
              },
              {
                "key": 54,
                "value": -43.00000000000001
              },
              {
                "key": 55,
                "value": -42.00000000000001
              },
              {
                "key": 56,
                "value": -41
              },
              {
                "key": 57,
                "value": -40
              },
              {
                "key": 58,
                "value": -39
              },
              {
                "key": 59,
                "value": -38
              },
              {
                "key": 60,
                "value": -36
              },
              {
                "key": 61,
                "value": -35
              },
              {
                "key": 62,
                "value": -34
              },
              {
                "key": 63,
                "value": -32.99999999999999
              },
              {
                "key": 64,
                "value": -31.999999999999996
              },
              {
                "key": 65,
                "value": -31.000000000000007
              },
              {
                "key": 66,
                "value": -30.000000000000004
              },
              {
                "key": 67,
                "value": -29.000000000000004
              },
              {
                "key": 68,
                "value": -28.000000000000004
              },
              {
                "key": 69,
                "value": -27
              },
              {
                "key": 70,
                "value": -26
              },
              {
                "key": 71,
                "value": -25
              },
              {
                "key": 72,
                "value": -24
              },
              {
                "key": 73,
                "value": -23
              },
              {
                "key": 74,
                "value": -21.999999999999996
              },
              {
                "key": 75,
                "value": -20.999999999999996
              },
              {
                "key": 76,
                "value": -19.999999999999996
              },
              {
                "key": 77,
                "value": -18.999999999999993
              },
              {
                "key": 78,
                "value": -18.000000000000004
              },
              {
                "key": 79,
                "value": -17.000000000000004
              },
              {
                "key": 80,
                "value": -16.000000000000004
              },
              {
                "key": 81,
                "value": -15.000000000000002
              },
              {
                "key": 82,
                "value": -14.000000000000002
              },
              {
                "key": 83,
                "value": -13
              },
              {
                "key": 84,
                "value": -10.999999999999998
              },
              {
                "key": 85,
                "value": -9.999999999999998
              },
              {
                "key": 86,
                "value": -8.999999999999996
              },
              {
                "key": 87,
                "value": -7.9999999999999964
              },
              {
                "key": 88,
                "value": -6.999999999999995
              },
              {
                "key": 89,
                "value": -6.000000000000005
              },
              {
                "key": 90,
                "value": -5.000000000000004
              },
              {
                "key": 91,
                "value": -4.0000000000000036
              },
              {
                "key": 92,
                "value": -3.0000000000000027
              },
              {
                "key": 93,
                "value": -2.0000000000000018
              },
              {
                "key": 94,
                "value": -1.0000000000000009
              },
              {
                "key": 95,
                "value": -0
              },
              {
                "key": 96,
                "value": 1.0000000000000009
              },
              {
                "key": 97,
                "value": 2.0000000000000018
              },
              {
                "key": 98,
                "value": 3.0000000000000027
              },
              {
                "key": 99,
                "value": 4.0000000000000036
              },
              {
                "key": 100,
                "value": 5.000000000000004
              },
              {
                "key": 101,
                "value": 6.000000000000005
              },
              {
                "key": 102,
                "value": 7.000000000000006
              },
              {
                "key": 103,
                "value": 8.000000000000007
              },
              {
                "key": 104,
                "value": 9.000000000000007
              },
              {
                "key": 105,
                "value": 10.000000000000009
              },
              {
                "key": 106,
                "value": 11.00000000000001
              },
              {
                "key": 107,
                "value": 12.00000000000001
              },
              {
                "key": 108,
                "value": 13.99999999999999
              },
              {
                "key": 109,
                "value": 14.999999999999991
              },
              {
                "key": 110,
                "value": 15.999999999999993
              },
              {
                "key": 111,
                "value": 16.999999999999993
              },
              {
                "key": 112,
                "value": 17.999999999999993
              },
              {
                "key": 113,
                "value": 18.999999999999993
              },
              {
                "key": 114,
                "value": 19.999999999999996
              },
              {
                "key": 115,
                "value": 20.999999999999996
              },
              {
                "key": 116,
                "value": 21.999999999999996
              },
              {
                "key": 117,
                "value": 23
              },
              {
                "key": 118,
                "value": 24
              },
              {
                "key": 119,
                "value": 25
              },
              {
                "key": 120,
                "value": 26
              },
              {
                "key": 121,
                "value": 27
              },
              {
                "key": 122,
                "value": 28.000000000000004
              },
              {
                "key": 123,
                "value": 29.000000000000004
              },
              {
                "key": 124,
                "value": 30.000000000000004
              },
              {
                "key": 125,
                "value": 31.000000000000007
              },
              {
                "key": 126,
                "value": 32.00000000000001
              },
              {
                "key": 127,
                "value": 33.00000000000001
              },
              {
                "key": 128,
                "value": 34.00000000000001
              },
              {
                "key": 129,
                "value": 35.00000000000001
              },
              {
                "key": 130,
                "value": 36.00000000000001
              },
              {
                "key": 131,
                "value": 37.000000000000014
              },
              {
                "key": 132,
                "value": 38.99999999999999
              },
              {
                "key": 133,
                "value": 39.99999999999999
              },
              {
                "key": 134,
                "value": 40.99999999999999
              },
              {
                "key": 135,
                "value": 41.99999999999999
              },
              {
                "key": 136,
                "value": 42.99999999999999
              },
              {
                "key": 137,
                "value": 43.99999999999999
              },
              {
                "key": 138,
                "value": 44.99999999999999
              },
              {
                "key": 139,
                "value": 46
              },
              {
                "key": 140,
                "value": 47
              },
              {
                "key": 141,
                "value": 48
              },
              {
                "key": 142,
                "value": 49
              },
              {
                "key": 143,
                "value": 50
              },
              {
                "key": 144,
                "value": 51
              },
              {
                "key": 145,
                "value": 52
              },
              {
                "key": 146,
                "value": 53
              },
              {
                "key": 147,
                "value": 54
              },
              {
                "key": 148,
                "value": 55.00000000000001
              },
              {
                "key": 149,
                "value": 56.00000000000001
              },
              {
                "key": 150,
                "value": 57.00000000000001
              },
              {
                "key": 151,
                "value": 58.00000000000001
              },
              {
                "key": 152,
                "value": 59.00000000000001
              },
              {
                "key": 153,
                "value": 60.00000000000001
              },
              {
                "key": 154,
                "value": 61.00000000000001
              },
              {
                "key": 155,
                "value": 62.000000000000014
              },
              {
                "key": 156,
                "value": 63.99999999999999
              },
              {
                "key": 157,
                "value": 64.99999999999999
              },
              {
                "key": 158,
                "value": 65.99999999999999
              },
              {
                "key": 159,
                "value": 67
              },
              {
                "key": 160,
                "value": 68
              },
              {
                "key": 161,
                "value": 69
              },
              {
                "key": 162,
                "value": 70
              },
              {
                "key": 163,
                "value": 71
              },
              {
                "key": 164,
                "value": 72
              },
              {
                "key": 165,
                "value": 73
              },
              {
                "key": 166,
                "value": 74
              },
              {
                "key": 167,
                "value": 75
              },
              {
                "key": 168,
                "value": 76
              },
              {
                "key": 169,
                "value": 77
              },
              {
                "key": 170,
                "value": 78
              },
              {
                "key": 171,
                "value": 79
              },
              {
                "key": 172,
                "value": 80
              },
              {
                "key": 173,
                "value": 81
              },
              {
                "key": 174,
                "value": 82
              },
              {
                "key": 175,
                "value": 83
              },
              {
                "key": 176,
                "value": 84.00000000000001
              },
              {
                "key": 177,
                "value": 85.00000000000001
              },
              {
                "key": 178,
                "value": 86.00000000000001
              },
              {
                "key": 179,
                "value": 87.00000000000001
              },
              {
                "key": 180,
                "value": 88.99999999999999
              },
              {
                "key": 181,
                "value": 89.99999999999999
              },
              {
                "key": 182,
                "value": 90.99999999999999
              },
              {
                "key": 183,
                "value": 92
              },
              {
                "key": 184,
                "value": 93
              },
              {
                "key": 185,
                "value": 94
              },
              {
                "key": 186,
                "value": 95
              },
              {
                "key": 187,
                "value": 96
              },
              {
                "key": 188,
                "value": 97
              },
              {
                "key": 189,
                "value": 98
              },
              {
                "key": 190,
                "value": 99
              },
              {
                "key": 191,
                "value": 100
              },
              {
                "key": 192,
                "value": 100.99999999999997
              },
              {
                "key": 193,
                "value": 102
              },
              {
                "key": 194,
                "value": 102.99999999999999
              },
              {
                "key": 195,
                "value": 104
              },
              {
                "key": 196,
                "value": 104.99999999999999
              },
              {
                "key": 197,
                "value": 106
              },
              {
                "key": 198,
                "value": 106.99999999999999
              },
              {
                "key": 199,
                "value": 108
              },
              {
                "key": 200,
                "value": 108.99999999999999
              },
              {
                "key": 201,
                "value": 110.00000000000001
              },
              {
                "key": 202,
                "value": 110.99999999999999
              },
              {
                "key": 203,
                "value": 112.00000000000001
              },
              {
                "key": 204,
                "value": 114.00000000000001
              },
              {
                "key": 205,
                "value": 114.99999999999999
              },
              {
                "key": 206,
                "value": 116.00000000000001
              },
              {
                "key": 207,
                "value": 117
              },
              {
                "key": 208,
                "value": 118.00000000000001
              },
              {
                "key": 209,
                "value": 119
              },
              {
                "key": 210,
                "value": 120.00000000000001
              },
              {
                "key": 211,
                "value": 121
              },
              {
                "key": 212,
                "value": 122.00000000000001
              },
              {
                "key": 213,
                "value": 123
              },
              {
                "key": 214,
                "value": 124.00000000000003
              },
              {
                "key": 215,
                "value": 125
              },
              {
                "key": 216,
                "value": 125.99999999999997
              },
              {
                "key": 217,
                "value": 127
              },
              {
                "key": 218,
                "value": 127.99999999999999
              },
              {
                "key": 219,
                "value": 129
              },
              {
                "key": 220,
                "value": 129.99999999999997
              },
              {
                "key": 221,
                "value": 131
              },
              {
                "key": 222,
                "value": 131.99999999999997
              },
              {
                "key": 223,
                "value": 133
              },
              {
                "key": 224,
                "value": 134
              },
              {
                "key": 225,
                "value": 135
              },
              {
                "key": 226,
                "value": 136
              },
              {
                "key": 227,
                "value": 137
              },
              {
                "key": 228,
                "value": 139
              },
              {
                "key": 229,
                "value": 140
              },
              {
                "key": 230,
                "value": 141
              },
              {
                "key": 231,
                "value": 142
              },
              {
                "key": 232,
                "value": 143.00000000000003
              },
              {
                "key": 233,
                "value": 144
              },
              {
                "key": 234,
                "value": 145.00000000000003
              },
              {
                "key": 235,
                "value": 146
              },
              {
                "key": 236,
                "value": 147.00000000000003
              },
              {
                "key": 237,
                "value": 148
              },
              {
                "key": 238,
                "value": 149.00000000000003
              },
              {
                "key": 239,
                "value": 150
              },
              {
                "key": 240,
                "value": 150.99999999999997
              },
              {
                "key": 241,
                "value": 152
              },
              {
                "key": 242,
                "value": 152.99999999999997
              },
              {
                "key": 243,
                "value": 154
              },
              {
                "key": 244,
                "value": 154.99999999999997
              },
              {
                "key": 245,
                "value": 156
              },
              {
                "key": 246,
                "value": 156.99999999999997
              },
              {
                "key": 247,
                "value": 158
              },
              {
                "key": 248,
                "value": 159
              },
              {
                "key": 249,
                "value": 160
              },
              {
                "key": 250,
                "value": 161
              },
              {
                "key": 251,
                "value": 162
              },
              {
                "key": 252,
                "value": 164
              },
              {
                "key": 253,
                "value": 165
              },
              {
                "key": 254,
                "value": 166
              },
              {
                "key": 255,
                "value": 167
              },
              {
                "key": 256,
                "value": 168.00000000000003
              },
              {
                "key": 257,
                "value": 169
              },
              {
                "key": 258,
                "value": 170.00000000000003
              },
              {
                "key": 259,
                "value": 171
              },
              {
                "key": 260,
                "value": 172.00000000000003
              },
              {
                "key": 261,
                "value": 173
              },
              {
                "key": 262,
                "value": 174.00000000000003
              },
              {
                "key": 263,
                "value": 175
              },
              {
                "key": 264,
                "value": 175.99999999999997
              },
              {
                "key": 265,
                "value": 177
              },
              {
                "key": 266,
                "value": 177.99999999999997
              },
              {
                "key": 267,
                "value": 179
              },
              {
                "key": 268,
                "value": 179.99999999999997
              },
              {
                "key": 269,
                "value": 181
              },
              {
                "key": 270,
                "value": 181.99999999999997
              },
              {
                "key": 271,
                "value": 183
              },
              {
                "key": 272,
                "value": 184
              },
              {
                "key": 273,
                "value": 185
              },
              {
                "key": 274,
                "value": 186
              },
              {
                "key": 275,
                "value": 187
              },
              {
                "key": 276,
                "value": 189
              },
              {
                "key": 277,
                "value": 190
              },
              {
                "key": 278,
                "value": 191
              },
              {
                "key": 279,
                "value": 192
              },
              {
                "key": 280,
                "value": 193.00000000000003
              },
              {
                "key": 281,
                "value": 194
              },
              {
                "key": 282,
                "value": 195.00000000000003
              },
              {
                "key": 283,
                "value": 196
              },
              {
                "key": 284,
                "value": 197.00000000000003
              },
              {
                "key": 285,
                "value": 198
              },
              {
                "key": 286,
                "value": 199.00000000000003
              },
              {
                "key": 287,
                "value": 200
              },
              {
                "key": 288,
                "value": 200.99999999999997
              },
              {
                "key": 289,
                "value": 202
              },
              {
                "key": 290,
                "value": 202.99999999999997
              },
              {
                "key": 291,
                "value": 204
              },
              {
                "key": 292,
                "value": 204.99999999999997
              },
              {
                "key": 293,
                "value": 206
              },
              {
                "key": 294,
                "value": 206.99999999999997
              },
              {
                "key": 295,
                "value": 208
              },
              {
                "key": 296,
                "value": 209
              },
              {
                "key": 297,
                "value": 210
              },
              {
                "key": 298,
                "value": 211
              },
              {
                "key": 299,
                "value": 212
              },
              {
                "key": 300,
                "value": 214
              },
              {
                "key": 301,
                "value": 215
              },
              {
                "key": 302,
                "value": 216
              },
              {
                "key": 303,
                "value": 217
              },
              {
                "key": 304,
                "value": 218.00000000000003
              },
              {
                "key": 305,
                "value": 219
              },
              {
                "key": 306,
                "value": 220.00000000000003
              },
              {
                "key": 307,
                "value": 221
              },
              {
                "key": 308,
                "value": 222.00000000000003
              },
              {
                "key": 309,
                "value": 223
              },
              {
                "key": 310,
                "value": 224.00000000000003
              },
              {
                "key": 311,
                "value": 225
              },
              {
                "key": 312,
                "value": 225.99999999999997
              },
              {
                "key": 313,
                "value": 227
              },
              {
                "key": 314,
                "value": 227.99999999999997
              },
              {
                "key": 315,
                "value": 229
              },
              {
                "key": 316,
                "value": 229.99999999999997
              },
              {
                "key": 317,
                "value": 231
              },
              {
                "key": 318,
                "value": 231.99999999999997
              },
              {
                "key": 319,
                "value": 233
              },
              {
                "key": 320,
                "value": 234
              },
              {
                "key": 321,
                "value": 235
              },
              {
                "key": 322,
                "value": 236
              },
              {
                "key": 323,
                "value": 237
              },
              {
                "key": 324,
                "value": 239
              },
              {
                "key": 325,
                "value": 240
              },
              {
                "key": 326,
                "value": 241
              },
              {
                "key": 327,
                "value": 242
              },
              {
                "key": 328,
                "value": 243.00000000000003
              },
              {
                "key": 329,
                "value": 244
              },
              {
                "key": 330,
                "value": 245.00000000000003
              },
              {
                "key": 331,
                "value": 246
              },
              {
                "key": 332,
                "value": 247.00000000000003
              },
              {
                "key": 333,
                "value": 248
              },
              {
                "key": 334,
                "value": 249.00000000000003
              },
              {
                "key": 335,
                "value": 250
              },
              {
                "key": 336,
                "value": 250.99999999999997
              },
              {
                "key": 337,
                "value": 252
              },
              {
                "key": 338,
                "value": 252.99999999999997
              },
              {
                "key": 339,
                "value": 254
              },
              {
                "key": 340,
                "value": 254.99999999999997
              },
              {
                "key": 341,
                "value": 256
              },
              {
                "key": 342,
                "value": 257
              },
              {
                "key": 343,
                "value": 258
              },
              {
                "key": 344,
                "value": 259
              },
              {
                "key": 345,
                "value": 260
              },
              {
                "key": 346,
                "value": 261
              },
              {
                "key": 347,
                "value": 262
              },
              {
                "key": 348,
                "value": 264
              },
              {
                "key": 349,
                "value": 265
              },
              {
                "key": 350,
                "value": 266
              },
              {
                "key": 351,
                "value": 267
              },
              {
                "key": 352,
                "value": 268
              },
              {
                "key": 353,
                "value": 269
              },
              {
                "key": 354,
                "value": 270
              },
              {
                "key": 355,
                "value": 271
              },
              {
                "key": 356,
                "value": 272
              },
              {
                "key": 357,
                "value": 273
              },
              {
                "key": 358,
                "value": 274
              },
              {
                "key": 359,
                "value": 275
              },
              {
                "key": 360,
                "value": 276
              },
              {
                "key": 361,
                "value": 277
              },
              {
                "key": 362,
                "value": 278
              },
              {
                "key": 363,
                "value": 279
              },
              {
                "key": 364,
                "value": 280
              },
              {
                "key": 365,
                "value": 281
              },
              {
                "key": 366,
                "value": 282
              },
              {
                "key": 367,
                "value": 283
              },
              {
                "key": 368,
                "value": 284
              },
              {
                "key": 369,
                "value": 285
              },
              {
                "key": 370,
                "value": 286
              },
              {
                "key": 371,
                "value": 287
              },
              {
                "key": 372,
                "value": 289
              },
              {
                "key": 373,
                "value": 290
              },
              {
                "key": 374,
                "value": 291
              },
              {
                "key": 375,
                "value": 292
              },
              {
                "key": 376,
                "value": 293
              },
              {
                "key": 377,
                "value": 294
              },
              {
                "key": 378,
                "value": 295
              },
              {
                "key": 379,
                "value": 296
              },
              {
                "key": 380,
                "value": 297
              },
              {
                "key": 381,
                "value": 298
              },
              {
                "key": 382,
                "value": 299
              },
              {
                "key": 383,
                "value": 300
              },
              {
                "key": 384,
                "value": 301
              },
              {
                "key": 385,
                "value": 301.99999999999994
              },
              {
                "key": 386,
                "value": 303
              },
              {
                "key": 387,
                "value": 304
              },
              {
                "key": 388,
                "value": 305
              },
              {
                "key": 389,
                "value": 305.99999999999994
              },
              {
                "key": 390,
                "value": 307
              },
              {
                "key": 391,
                "value": 308
              },
              {
                "key": 392,
                "value": 309
              },
              {
                "key": 393,
                "value": 309.99999999999994
              },
              {
                "key": 394,
                "value": 311.00000000000006
              },
              {
                "key": 395,
                "value": 312
              },
              {
                "key": 396,
                "value": 313.99999999999994
              },
              {
                "key": 397,
                "value": 315.00000000000006
              },
              {
                "key": 398,
                "value": 316
              },
              {
                "key": 399,
                "value": 317
              },
              {
                "key": 400,
                "value": 318
              },
              {
                "key": 401,
                "value": 319.00000000000006
              },
              {
                "key": 402,
                "value": 320
              },
              {
                "key": 403,
                "value": 321
              },
              {
                "key": 404,
                "value": 322
              },
              {
                "key": 405,
                "value": 323.00000000000006
              },
              {
                "key": 406,
                "value": 324
              },
              {
                "key": 407,
                "value": 325
              },
              {
                "key": 408,
                "value": 326
              },
              {
                "key": 409,
                "value": 326.99999999999994
              },
              {
                "key": 410,
                "value": 328
              },
              {
                "key": 411,
                "value": 329
              },
              {
                "key": 412,
                "value": 330
              },
              {
                "key": 413,
                "value": 330.99999999999994
              },
              {
                "key": 414,
                "value": 332
              },
              {
                "key": 415,
                "value": 333
              },
              {
                "key": 416,
                "value": 334
              },
              {
                "key": 417,
                "value": 334.99999999999994
              },
              {
                "key": 418,
                "value": 336.00000000000006
              },
              {
                "key": 419,
                "value": 337
              },
              {
                "key": 420,
                "value": 338.99999999999994
              },
              {
                "key": 421,
                "value": 340.00000000000006
              },
              {
                "key": 422,
                "value": 341
              },
              {
                "key": 423,
                "value": 342
              },
              {
                "key": 424,
                "value": 343
              },
              {
                "key": 425,
                "value": 344.00000000000006
              },
              {
                "key": 426,
                "value": 345
              },
              {
                "key": 427,
                "value": 346
              },
              {
                "key": 428,
                "value": 347
              },
              {
                "key": 429,
                "value": 348.00000000000006
              },
              {
                "key": 430,
                "value": 349
              },
              {
                "key": 431,
                "value": 350
              },
              {
                "key": 432,
                "value": 351
              },
              {
                "key": 433,
                "value": 351.99999999999994
              },
              {
                "key": 434,
                "value": 353
              },
              {
                "key": 435,
                "value": 354
              },
              {
                "key": 436,
                "value": 355
              },
              {
                "key": 437,
                "value": 355.99999999999994
              },
              {
                "key": 438,
                "value": 357
              },
              {
                "key": 439,
                "value": 358
              },
              {
                "key": 440,
                "value": 359
              },
              {
                "key": 441,
                "value": 359.99999999999994
              },
              {
                "key": 442,
                "value": 361.00000000000006
              },
              {
                "key": 443,
                "value": 362
              },
              {
                "key": 444,
                "value": 363.99999999999994
              },
              {
                "key": 445,
                "value": 365.00000000000006
              },
              {
                "key": 446,
                "value": 366
              },
              {
                "key": 447,
                "value": 367
              },
              {
                "key": 448,
                "value": 368
              },
              {
                "key": 449,
                "value": 369.00000000000006
              },
              {
                "key": 450,
                "value": 370
              },
              {
                "key": 451,
                "value": 371
              },
              {
                "key": 452,
                "value": 372
              },
              {
                "key": 453,
                "value": 373.00000000000006
              },
              {
                "key": 454,
                "value": 374
              },
              {
                "key": 455,
                "value": 375
              },
              {
                "key": 456,
                "value": 376
              },
              {
                "key": 457,
                "value": 376.99999999999994
              },
              {
                "key": 458,
                "value": 378
              },
              {
                "key": 459,
                "value": 379
              },
              {
                "key": 460,
                "value": 380
              },
              {
                "key": 461,
                "value": 380.99999999999994
              },
              {
                "key": 462,
                "value": 382
              },
              {
                "key": 463,
                "value": 383
              },
              {
                "key": 464,
                "value": 384
              },
              {
                "key": 465,
                "value": 384.99999999999994
              },
              {
                "key": 466,
                "value": 386.00000000000006
              },
              {
                "key": 467,
                "value": 387
              },
              {
                "key": 468,
                "value": 388.99999999999994
              },
              {
                "key": 469,
                "value": 390.00000000000006
              },
              {
                "key": 470,
                "value": 391
              },
              {
                "key": 471,
                "value": 392
              },
              {
                "key": 472,
                "value": 393
              },
              {
                "key": 473,
                "value": 394.00000000000006
              },
              {
                "key": 474,
                "value": 395
              },
              {
                "key": 475,
                "value": 396
              },
              {
                "key": 476,
                "value": 397
              },
              {
                "key": 477,
                "value": 398.00000000000006
              },
              {
                "key": 478,
                "value": 399
              },
              {
                "key": 479,
                "value": 400
              }
            ]
          }
        }
      }
    }
  }
}
