{
  "data": {
    "machine": {
      "speed": {
        "trendOfLast8Hours": [
          {
            "time": "2023-01-14T16:00:00.000Z",
            "value": 720
          },
          {
            "time": "2023-01-14T16:01:00.000Z",
            "value": 718.5
          },
          {
            "time": "2023-01-14T16:02:00.000Z",
            "value": 717
          },
          {
            "time": "2023-01-14T16:03:00.000Z",
            "value": 715.5
          },
          {
            "time": "2023-01-14T16:04:00.000Z",
            "value": 714
          },
          {
            "time": "2023-01-14T16:05:00.000Z",
            "value": 712.5
          },
          {
            "time": "2023-01-14T16:06:00.000Z",
            "value": 711
          },
          {
            "time": "2023-01-14T16:07:00.000Z",
            "value": 709.5
          },
          {
            "time": "2023-01-14T16:08:00.000Z",
            "value": 708
          },
          {
            "time": "2023-01-14T16:09:00.000Z",
            "value": 706.5
          },
          {
            "time": "2023-01-14T16:10:00.000Z",
            "value": 705
          },
          {
            "time": "2023-01-14T16:11:00.000Z",
            "value": 703.5
          },
          {
            "time": "2023-01-14T16:12:00.000Z",
            "value": 702
          },
          {
            "time": "2023-01-14T16:13:00.000Z",
            "value": 700.5
          },
          {
            "time": "2023-01-14T16:14:00.000Z",
            "value": 699
          },
          {
            "time": "2023-01-14T16:15:00.000Z",
            "value": 697.5
          },
          {
            "time": "2023-01-14T16:16:00.000Z",
            "value": 696
          },
          {
            "time": "2023-01-14T16:17:00.000Z",
            "value": 694.5
          },
          {
            "time": "2023-01-14T16:18:00.000Z",
            "value": 693
          },
          {
            "time": "2023-01-14T16:19:00.000Z",
            "value": 691.5
          },
          {
            "time": "2023-01-14T16:20:00.000Z",
            "value": 690
          },
          {
            "time": "2023-01-14T16:21:00.000Z",
            "value": 688.5
          },
          {
            "time": "2023-01-14T16:22:00.000Z",
            "value": 687
          },
          {
            "time": "2023-01-14T16:23:00.000Z",
            "value": 685.5
          },
          {
            "time": "2023-01-14T16:24:00.000Z",
            "value": 684
          },
          {
            "time": "2023-01-14T16:25:00.000Z",
            "value": 682.5
          },
          {
            "time": "2023-01-14T16:26:00.000Z",
            "value": 681
          },
          {
            "time": "2023-01-14T16:27:00.000Z",
            "value": 679.5
          },
          {
            "time": "2023-01-14T16:28:00.000Z",
            "value": 678
          },
          {
            "time": "2023-01-14T16:29:00.000Z",
            "value": 676.5
          },
          {
            "time": "2023-01-14T16:30:00.000Z",
            "value": 675
          },
          {
            "time": "2023-01-14T16:31:00.000Z",
            "value": 673.5
          },
          {
            "time": "2023-01-14T16:32:00.000Z",
            "value": 672
          },
          {
            "time": "2023-01-14T16:33:00.000Z",
            "value": 670.5
          },
          {
            "time": "2023-01-14T16:34:00.000Z",
            "value": 669
          },
          {
            "time": "2023-01-14T16:35:00.000Z",
            "value": 667.5
          },
          {
            "time": "2023-01-14T16:36:00.000Z",
            "value": 666
          },
          {
            "time": "2023-01-14T16:37:00.000Z",
            "value": 664.5
          },
          {
            "time": "2023-01-14T16:38:00.000Z",
            "value": 663
          },
          {
            "time": "2023-01-14T16:39:00.000Z",
            "value": 661.5
          },
          {
            "time": "2023-01-14T16:40:00.000Z",
            "value": 660
          },
          {
            "time": "2023-01-14T16:41:00.000Z",
            "value": 658.5
          },
          {
            "time": "2023-01-14T16:42:00.000Z",
            "value": 657
          },
          {
            "time": "2023-01-14T16:43:00.000Z",
            "value": 655.5
          },
          {
            "time": "2023-01-14T16:44:00.000Z",
            "value": 654
          },
          {
            "time": "2023-01-14T16:45:00.000Z",
            "value": 652.5
          },
          {
            "time": "2023-01-14T16:46:00.000Z",
            "value": 651
          },
          {
            "time": "2023-01-14T16:47:00.000Z",
            "value": 649.5
          },
          {
            "time": "2023-01-14T16:48:00.000Z",
            "value": 648
          },
          {
            "time": "2023-01-14T16:49:00.000Z",
            "value": 646.5
          },
          {
            "time": "2023-01-14T16:50:00.000Z",
            "value": 645
          },
          {
            "time": "2023-01-14T16:51:00.000Z",
            "value": 643.5
          },
          {
            "time": "2023-01-14T16:52:00.000Z",
            "value": 642
          },
          {
            "time": "2023-01-14T16:53:00.000Z",
            "value": 640.5
          },
          {
            "time": "2023-01-14T16:54:00.000Z",
            "value": 639
          },
          {
            "time": "2023-01-14T16:55:00.000Z",
            "value": 637.5
          },
          {
            "time": "2023-01-14T16:56:00.000Z",
            "value": 636
          },
          {
            "time": "2023-01-14T16:57:00.000Z",
            "value": 634.5
          },
          {
            "time": "2023-01-14T16:58:00.000Z",
            "value": 633
          },
          {
            "time": "2023-01-14T16:59:00.000Z",
            "value": 631.5
          },
          {
            "time": "2023-01-14T17:00:00.000Z",
            "value": 630
          },
          {
            "time": "2023-01-14T17:01:00.000Z",
            "value": 628.5
          },
          {
            "time": "2023-01-14T17:02:00.000Z",
            "value": 627
          },
          {
            "time": "2023-01-14T17:03:00.000Z",
            "value": 625.5
          },
          {
            "time": "2023-01-14T17:04:00.000Z",
            "value": 624
          },
          {
            "time": "2023-01-14T17:05:00.000Z",
            "value": 622.5
          },
          {
            "time": "2023-01-14T17:06:00.000Z",
            "value": 621
          },
          {
            "time": "2023-01-14T17:07:00.000Z",
            "value": 619.5
          },
          {
            "time": "2023-01-14T17:08:00.000Z",
            "value": 618
          },
          {
            "time": "2023-01-14T17:09:00.000Z",
            "value": 616.5
          },
          {
            "time": "2023-01-14T17:10:00.000Z",
            "value": 615
          },
          {
            "time": "2023-01-14T17:11:00.000Z",
            "value": 613.5
          },
          {
            "time": "2023-01-14T17:12:00.000Z",
            "value": 612
          },
          {
            "time": "2023-01-14T17:13:00.000Z",
            "value": 610.5
          },
          {
            "time": "2023-01-14T17:14:00.000Z",
            "value": 609
          },
          {
            "time": "2023-01-14T17:15:00.000Z",
            "value": 607.5
          },
          {
            "time": "2023-01-14T17:16:00.000Z",
            "value": 606
          },
          {
            "time": "2023-01-14T17:17:00.000Z",
            "value": 604.5
          },
          {
            "time": "2023-01-14T17:18:00.000Z",
            "value": 603
          },
          {
            "time": "2023-01-14T17:19:00.000Z",
            "value": 601.5
          },
          {
            "time": "2023-01-14T17:20:00.000Z",
            "value": 600
          },
          {
            "time": "2023-01-14T17:21:00.000Z",
            "value": 598.5
          },
          {
            "time": "2023-01-14T17:22:00.000Z",
            "value": 597
          },
          {
            "time": "2023-01-14T17:23:00.000Z",
            "value": 595.5
          },
          {
            "time": "2023-01-14T17:24:00.000Z",
            "value": 594
          },
          {
            "time": "2023-01-14T17:25:00.000Z",
            "value": 592.5
          },
          {
            "time": "2023-01-14T17:26:00.000Z",
            "value": 591
          },
          {
            "time": "2023-01-14T17:27:00.000Z",
            "value": 589.5
          },
          {
            "time": "2023-01-14T17:28:00.000Z",
            "value": 588
          },
          {
            "time": "2023-01-14T17:29:00.000Z",
            "value": 586.5
          },
          {
            "time": "2023-01-14T17:30:00.000Z",
            "value": 585
          },
          {
            "time": "2023-01-14T17:31:00.000Z",
            "value": 583.5
          },
          {
            "time": "2023-01-14T17:32:00.000Z",
            "value": 582
          },
          {
            "time": "2023-01-14T17:33:00.000Z",
            "value": 580.5
          },
          {
            "time": "2023-01-14T17:34:00.000Z",
            "value": 579
          },
          {
            "time": "2023-01-14T17:35:00.000Z",
            "value": 577.5
          },
          {
            "time": "2023-01-14T17:36:00.000Z",
            "value": 576
          },
          {
            "time": "2023-01-14T17:37:00.000Z",
            "value": 574.5
          },
          {
            "time": "2023-01-14T17:38:00.000Z",
            "value": 573
          },
          {
            "time": "2023-01-14T17:39:00.000Z",
            "value": 571.5
          },
          {
            "time": "2023-01-14T17:40:00.000Z",
            "value": 570
          },
          {
            "time": "2023-01-14T17:41:00.000Z",
            "value": 568.5
          },
          {
            "time": "2023-01-14T17:42:00.000Z",
            "value": 567
          },
          {
            "time": "2023-01-14T17:43:00.000Z",
            "value": 565.5
          },
          {
            "time": "2023-01-14T17:44:00.000Z",
            "value": 564
          },
          {
            "time": "2023-01-14T17:45:00.000Z",
            "value": 562.5
          },
          {
            "time": "2023-01-14T17:46:00.000Z",
            "value": 561
          },
          {
            "time": "2023-01-14T17:47:00.000Z",
            "value": 559.5
          },
          {
            "time": "2023-01-14T17:48:00.000Z",
            "value": 558
          },
          {
            "time": "2023-01-14T17:49:00.000Z",
            "value": 556.5
          },
          {
            "time": "2023-01-14T17:50:00.000Z",
            "value": 555
          },
          {
            "time": "2023-01-14T17:51:00.000Z",
            "value": 553.5
          },
          {
            "time": "2023-01-14T17:52:00.000Z",
            "value": 552
          },
          {
            "time": "2023-01-14T17:53:00.000Z",
            "value": 550.5
          },
          {
            "time": "2023-01-14T17:54:00.000Z",
            "value": 549
          },
          {
            "time": "2023-01-14T17:55:00.000Z",
            "value": 547.5
          },
          {
            "time": "2023-01-14T17:56:00.000Z",
            "value": 546
          },
          {
            "time": "2023-01-14T17:57:00.000Z",
            "value": 544.5
          },
          {
            "time": "2023-01-14T17:58:00.000Z",
            "value": 543
          },
          {
            "time": "2023-01-14T17:59:00.000Z",
            "value": 541.5
          },
          {
            "time": "2023-01-14T18:00:00.000Z",
            "value": 540
          },
          {
            "time": "2023-01-14T18:01:00.000Z",
            "value": 538.5
          },
          {
            "time": "2023-01-14T18:02:00.000Z",
            "value": 537
          },
          {
            "time": "2023-01-14T18:03:00.000Z",
            "value": 535.5
          },
          {
            "time": "2023-01-14T18:04:00.000Z",
            "value": 534
          },
          {
            "time": "2023-01-14T18:05:00.000Z",
            "value": 532.5
          },
          {
            "time": "2023-01-14T18:06:00.000Z",
            "value": 531
          },
          {
            "time": "2023-01-14T18:07:00.000Z",
            "value": 529.5
          },
          {
            "time": "2023-01-14T18:08:00.000Z",
            "value": 528
          },
          {
            "time": "2023-01-14T18:09:00.000Z",
            "value": 526.5
          },
          {
            "time": "2023-01-14T18:10:00.000Z",
            "value": 525
          },
          {
            "time": "2023-01-14T18:11:00.000Z",
            "value": 523.5
          },
          {
            "time": "2023-01-14T18:12:00.000Z",
            "value": 522
          },
          {
            "time": "2023-01-14T18:13:00.000Z",
            "value": 520.5
          },
          {
            "time": "2023-01-14T18:14:00.000Z",
            "value": 519
          },
          {
            "time": "2023-01-14T18:15:00.000Z",
            "value": 517.5
          },
          {
            "time": "2023-01-14T18:16:00.000Z",
            "value": 516
          },
          {
            "time": "2023-01-14T18:17:00.000Z",
            "value": 514.5
          },
          {
            "time": "2023-01-14T18:18:00.000Z",
            "value": 513
          },
          {
            "time": "2023-01-14T18:19:00.000Z",
            "value": 511.5
          },
          {
            "time": "2023-01-14T18:20:00.000Z",
            "value": 510
          },
          {
            "time": "2023-01-14T18:21:00.000Z",
            "value": 508.5
          },
          {
            "time": "2023-01-14T18:22:00.000Z",
            "value": 507
          },
          {
            "time": "2023-01-14T18:23:00.000Z",
            "value": 505.5
          },
          {
            "time": "2023-01-14T18:24:00.000Z",
            "value": 504
          },
          {
            "time": "2023-01-14T18:25:00.000Z",
            "value": 502.5
          },
          {
            "time": "2023-01-14T18:26:00.000Z",
            "value": 501
          },
          {
            "time": "2023-01-14T18:27:00.000Z",
            "value": 499.5
          },
          {
            "time": "2023-01-14T18:28:00.000Z",
            "value": 498
          },
          {
            "time": "2023-01-14T18:29:00.000Z",
            "value": 496.5
          },
          {
            "time": "2023-01-14T18:30:00.000Z",
            "value": 495
          },
          {
            "time": "2023-01-14T18:31:00.000Z",
            "value": 493.5
          },
          {
            "time": "2023-01-14T18:32:00.000Z",
            "value": 492
          },
          {
            "time": "2023-01-14T18:33:00.000Z",
            "value": 490.5
          },
          {
            "time": "2023-01-14T18:34:00.000Z",
            "value": 489
          },
          {
            "time": "2023-01-14T18:35:00.000Z",
            "value": 487.5
          },
          {
            "time": "2023-01-14T18:36:00.000Z",
            "value": 486
          },
          {
            "time": "2023-01-14T18:37:00.000Z",
            "value": 484.5
          },
          {
            "time": "2023-01-14T18:38:00.000Z",
            "value": 483
          },
          {
            "time": "2023-01-14T18:39:00.000Z",
            "value": 481.5
          },
          {
            "time": "2023-01-14T18:40:00.000Z",
            "value": 480
          },
          {
            "time": "2023-01-14T18:41:00.000Z",
            "value": 478.5
          },
          {
            "time": "2023-01-14T18:42:00.000Z",
            "value": 477
          },
          {
            "time": "2023-01-14T18:43:00.000Z",
            "value": 475.5
          },
          {
            "time": "2023-01-14T18:44:00.000Z",
            "value": 474
          },
          {
            "time": "2023-01-14T18:45:00.000Z",
            "value": 472.5
          },
          {
            "time": "2023-01-14T18:46:00.000Z",
            "value": 471
          },
          {
            "time": "2023-01-14T18:47:00.000Z",
            "value": 469.5
          },
          {
            "time": "2023-01-14T18:48:00.000Z",
            "value": 468
          },
          {
            "time": "2023-01-14T18:49:00.000Z",
            "value": 466.5
          },
          {
            "time": "2023-01-14T18:50:00.000Z",
            "value": 465
          },
          {
            "time": "2023-01-14T18:51:00.000Z",
            "value": 463.5
          },
          {
            "time": "2023-01-14T18:52:00.000Z",
            "value": 462
          },
          {
            "time": "2023-01-14T18:53:00.000Z",
            "value": 460.5
          },
          {
            "time": "2023-01-14T18:54:00.000Z",
            "value": 459
          },
          {
            "time": "2023-01-14T18:55:00.000Z",
            "value": 457.5
          },
          {
            "time": "2023-01-14T18:56:00.000Z",
            "value": 456
          },
          {
            "time": "2023-01-14T18:57:00.000Z",
            "value": 454.5
          },
          {
            "time": "2023-01-14T18:58:00.000Z",
            "value": 453
          },
          {
            "time": "2023-01-14T18:59:00.000Z",
            "value": 451.5
          },
          {
            "time": "2023-01-14T19:00:00.000Z",
            "value": 450
          },
          {
            "time": "2023-01-14T19:01:00.000Z",
            "value": 448.5
          },
          {
            "time": "2023-01-14T19:02:00.000Z",
            "value": 447
          },
          {
            "time": "2023-01-14T19:03:00.000Z",
            "value": 445.5
          },
          {
            "time": "2023-01-14T19:04:00.000Z",
            "value": 444
          },
          {
            "time": "2023-01-14T19:05:00.000Z",
            "value": 442.5
          },
          {
            "time": "2023-01-14T19:06:00.000Z",
            "value": 441
          },
          {
            "time": "2023-01-14T19:07:00.000Z",
            "value": 439.5
          },
          {
            "time": "2023-01-14T19:08:00.000Z",
            "value": 438
          },
          {
            "time": "2023-01-14T19:09:00.000Z",
            "value": 436.5
          },
          {
            "time": "2023-01-14T19:10:00.000Z",
            "value": 435
          },
          {
            "time": "2023-01-14T19:11:00.000Z",
            "value": 433.5
          },
          {
            "time": "2023-01-14T19:12:00.000Z",
            "value": 432
          },
          {
            "time": "2023-01-14T19:13:00.000Z",
            "value": 430.5
          },
          {
            "time": "2023-01-14T19:14:00.000Z",
            "value": 429
          },
          {
            "time": "2023-01-14T19:15:00.000Z",
            "value": 427.5
          },
          {
            "time": "2023-01-14T19:16:00.000Z",
            "value": 426
          },
          {
            "time": "2023-01-14T19:17:00.000Z",
            "value": 424.5
          },
          {
            "time": "2023-01-14T19:18:00.000Z",
            "value": 423
          },
          {
            "time": "2023-01-14T19:19:00.000Z",
            "value": 421.5
          },
          {
            "time": "2023-01-14T19:20:00.000Z",
            "value": 420
          },
          {
            "time": "2023-01-14T19:21:00.000Z",
            "value": 418.5
          },
          {
            "time": "2023-01-14T19:22:00.000Z",
            "value": 417
          },
          {
            "time": "2023-01-14T19:23:00.000Z",
            "value": 415.5
          },
          {
            "time": "2023-01-14T19:24:00.000Z",
            "value": 414
          },
          {
            "time": "2023-01-14T19:25:00.000Z",
            "value": 412.5
          },
          {
            "time": "2023-01-14T19:26:00.000Z",
            "value": 411
          },
          {
            "time": "2023-01-14T19:27:00.000Z",
            "value": 409.5
          },
          {
            "time": "2023-01-14T19:28:00.000Z",
            "value": 408
          },
          {
            "time": "2023-01-14T19:29:00.000Z",
            "value": 406.5
          },
          {
            "time": "2023-01-14T19:30:00.000Z",
            "value": 405
          },
          {
            "time": "2023-01-14T19:31:00.000Z",
            "value": 403.5
          },
          {
            "time": "2023-01-14T19:32:00.000Z",
            "value": 402
          },
          {
            "time": "2023-01-14T19:33:00.000Z",
            "value": 400.5
          },
          {
            "time": "2023-01-14T19:34:00.000Z",
            "value": 399
          },
          {
            "time": "2023-01-14T19:35:00.000Z",
            "value": 397.5
          },
          {
            "time": "2023-01-14T19:36:00.000Z",
            "value": 396
          },
          {
            "time": "2023-01-14T19:37:00.000Z",
            "value": 394.5
          },
          {
            "time": "2023-01-14T19:38:00.000Z",
            "value": 393
          },
          {
            "time": "2023-01-14T19:39:00.000Z",
            "value": 391.5
          },
          {
            "time": "2023-01-14T19:40:00.000Z",
            "value": 390
          },
          {
            "time": "2023-01-14T19:41:00.000Z",
            "value": 388.5
          },
          {
            "time": "2023-01-14T19:42:00.000Z",
            "value": 387
          },
          {
            "time": "2023-01-14T19:43:00.000Z",
            "value": 385.5
          },
          {
            "time": "2023-01-14T19:44:00.000Z",
            "value": 384
          },
          {
            "time": "2023-01-14T19:45:00.000Z",
            "value": 382.5
          },
          {
            "time": "2023-01-14T19:46:00.000Z",
            "value": 381
          },
          {
            "time": "2023-01-14T19:47:00.000Z",
            "value": 379.5
          },
          {
            "time": "2023-01-14T19:48:00.000Z",
            "value": 378
          },
          {
            "time": "2023-01-14T19:49:00.000Z",
            "value": 376.5
          },
          {
            "time": "2023-01-14T19:50:00.000Z",
            "value": 375
          },
          {
            "time": "2023-01-14T19:51:00.000Z",
            "value": 373.5
          },
          {
            "time": "2023-01-14T19:52:00.000Z",
            "value": 372
          },
          {
            "time": "2023-01-14T19:53:00.000Z",
            "value": 370.5
          },
          {
            "time": "2023-01-14T19:54:00.000Z",
            "value": 369
          },
          {
            "time": "2023-01-14T19:55:00.000Z",
            "value": 367.5
          },
          {
            "time": "2023-01-14T19:56:00.000Z",
            "value": 366
          },
          {
            "time": "2023-01-14T19:57:00.000Z",
            "value": 364.5
          },
          {
            "time": "2023-01-14T19:58:00.000Z",
            "value": 363
          },
          {
            "time": "2023-01-14T19:59:00.000Z",
            "value": 361.5
          },
          {
            "time": "2023-01-14T20:00:00.000Z",
            "value": 360
          },
          {
            "time": "2023-01-14T20:01:00.000Z",
            "value": 358.5
          },
          {
            "time": "2023-01-14T20:02:00.000Z",
            "value": 357
          },
          {
            "time": "2023-01-14T20:03:00.000Z",
            "value": 355.5
          },
          {
            "time": "2023-01-14T20:04:00.000Z",
            "value": 354
          },
          {
            "time": "2023-01-14T20:05:00.000Z",
            "value": 352.5
          },
          {
            "time": "2023-01-14T20:06:00.000Z",
            "value": 351
          },
          {
            "time": "2023-01-14T20:07:00.000Z",
            "value": 349.5
          },
          {
            "time": "2023-01-14T20:08:00.000Z",
            "value": 348
          },
          {
            "time": "2023-01-14T20:09:00.000Z",
            "value": 346.5
          },
          {
            "time": "2023-01-14T20:10:00.000Z",
            "value": 345
          },
          {
            "time": "2023-01-14T20:11:00.000Z",
            "value": 343.5
          },
          {
            "time": "2023-01-14T20:12:00.000Z",
            "value": 342
          },
          {
            "time": "2023-01-14T20:13:00.000Z",
            "value": 340.5
          },
          {
            "time": "2023-01-14T20:14:00.000Z",
            "value": 339
          },
          {
            "time": "2023-01-14T20:15:00.000Z",
            "value": 337.5
          },
          {
            "time": "2023-01-14T20:16:00.000Z",
            "value": 336
          },
          {
            "time": "2023-01-14T20:17:00.000Z",
            "value": 334.5
          },
          {
            "time": "2023-01-14T20:18:00.000Z",
            "value": 333
          },
          {
            "time": "2023-01-14T20:19:00.000Z",
            "value": 331.5
          },
          {
            "time": "2023-01-14T20:20:00.000Z",
            "value": 330
          },
          {
            "time": "2023-01-14T20:21:00.000Z",
            "value": 328.5
          },
          {
            "time": "2023-01-14T20:22:00.000Z",
            "value": 327
          },
          {
            "time": "2023-01-14T20:23:00.000Z",
            "value": 325.5
          },
          {
            "time": "2023-01-14T20:24:00.000Z",
            "value": 324
          },
          {
            "time": "2023-01-14T20:25:00.000Z",
            "value": 322.5
          },
          {
            "time": "2023-01-14T20:26:00.000Z",
            "value": 321
          },
          {
            "time": "2023-01-14T20:27:00.000Z",
            "value": 319.5
          },
          {
            "time": "2023-01-14T20:28:00.000Z",
            "value": 318
          },
          {
            "time": "2023-01-14T20:29:00.000Z",
            "value": 316.5
          },
          {
            "time": "2023-01-14T20:30:00.000Z",
            "value": 315
          },
          {
            "time": "2023-01-14T20:31:00.000Z",
            "value": 313.5
          },
          {
            "time": "2023-01-14T20:32:00.000Z",
            "value": 312
          },
          {
            "time": "2023-01-14T20:33:00.000Z",
            "value": 310.5
          },
          {
            "time": "2023-01-14T20:34:00.000Z",
            "value": 309
          },
          {
            "time": "2023-01-14T20:35:00.000Z",
            "value": 307.5
          },
          {
            "time": "2023-01-14T20:36:00.000Z",
            "value": 306
          },
          {
            "time": "2023-01-14T20:37:00.000Z",
            "value": 304.5
          },
          {
            "time": "2023-01-14T20:38:00.000Z",
            "value": 303
          },
          {
            "time": "2023-01-14T20:39:00.000Z",
            "value": 301.5
          },
          {
            "time": "2023-01-14T20:40:00.000Z",
            "value": 300
          },
          {
            "time": "2023-01-14T20:41:00.000Z",
            "value": 298.5
          },
          {
            "time": "2023-01-14T20:42:00.000Z",
            "value": 297
          },
          {
            "time": "2023-01-14T20:43:00.000Z",
            "value": 295.5
          },
          {
            "time": "2023-01-14T20:44:00.000Z",
            "value": 294
          },
          {
            "time": "2023-01-14T20:45:00.000Z",
            "value": 292.5
          },
          {
            "time": "2023-01-14T20:46:00.000Z",
            "value": 291
          },
          {
            "time": "2023-01-14T20:47:00.000Z",
            "value": 289.5
          },
          {
            "time": "2023-01-14T20:48:00.000Z",
            "value": 288
          },
          {
            "time": "2023-01-14T20:49:00.000Z",
            "value": 286.5
          },
          {
            "time": "2023-01-14T20:50:00.000Z",
            "value": 285
          },
          {
            "time": "2023-01-14T20:51:00.000Z",
            "value": 283.5
          },
          {
            "time": "2023-01-14T20:52:00.000Z",
            "value": 282
          },
          {
            "time": "2023-01-14T20:53:00.000Z",
            "value": 280.5
          },
          {
            "time": "2023-01-14T20:54:00.000Z",
            "value": 279
          },
          {
            "time": "2023-01-14T20:55:00.000Z",
            "value": 277.5
          },
          {
            "time": "2023-01-14T20:56:00.000Z",
            "value": 276
          },
          {
            "time": "2023-01-14T20:57:00.000Z",
            "value": 274.5
          },
          {
            "time": "2023-01-14T20:58:00.000Z",
            "value": 273
          },
          {
            "time": "2023-01-14T20:59:00.000Z",
            "value": 271.5
          },
          {
            "time": "2023-01-14T21:00:00.000Z",
            "value": 270
          },
          {
            "time": "2023-01-14T21:01:00.000Z",
            "value": 268.5
          },
          {
            "time": "2023-01-14T21:02:00.000Z",
            "value": 267
          },
          {
            "time": "2023-01-14T21:03:00.000Z",
            "value": 265.5
          },
          {
            "time": "2023-01-14T21:04:00.000Z",
            "value": 264
          },
          {
            "time": "2023-01-14T21:05:00.000Z",
            "value": 262.5
          },
          {
            "time": "2023-01-14T21:06:00.000Z",
            "value": 261
          },
          {
            "time": "2023-01-14T21:07:00.000Z",
            "value": 259.5
          },
          {
            "time": "2023-01-14T21:08:00.000Z",
            "value": 258
          },
          {
            "time": "2023-01-14T21:09:00.000Z",
            "value": 256.5
          },
          {
            "time": "2023-01-14T21:10:00.000Z",
            "value": 255
          },
          {
            "time": "2023-01-14T21:11:00.000Z",
            "value": 253.5
          },
          {
            "time": "2023-01-14T21:12:00.000Z",
            "value": 252
          },
          {
            "time": "2023-01-14T21:13:00.000Z",
            "value": 250.5
          },
          {
            "time": "2023-01-14T21:14:00.000Z",
            "value": 249
          },
          {
            "time": "2023-01-14T21:15:00.000Z",
            "value": 247.5
          },
          {
            "time": "2023-01-14T21:16:00.000Z",
            "value": 246
          },
          {
            "time": "2023-01-14T21:17:00.000Z",
            "value": 244.5
          },
          {
            "time": "2023-01-14T21:18:00.000Z",
            "value": 243
          },
          {
            "time": "2023-01-14T21:19:00.000Z",
            "value": 241.5
          },
          {
            "time": "2023-01-14T21:20:00.000Z",
            "value": 240
          },
          {
            "time": "2023-01-14T21:21:00.000Z",
            "value": 238.5
          },
          {
            "time": "2023-01-14T21:22:00.000Z",
            "value": 237
          },
          {
            "time": "2023-01-14T21:23:00.000Z",
            "value": 235.5
          },
          {
            "time": "2023-01-14T21:24:00.000Z",
            "value": 234
          },
          {
            "time": "2023-01-14T21:25:00.000Z",
            "value": 232.5
          },
          {
            "time": "2023-01-14T21:26:00.000Z",
            "value": 231
          },
          {
            "time": "2023-01-14T21:27:00.000Z",
            "value": 229.5
          },
          {
            "time": "2023-01-14T21:28:00.000Z",
            "value": 228
          },
          {
            "time": "2023-01-14T21:29:00.000Z",
            "value": 226.5
          },
          {
            "time": "2023-01-14T21:30:00.000Z",
            "value": 225
          },
          {
            "time": "2023-01-14T21:31:00.000Z",
            "value": 223.5
          },
          {
            "time": "2023-01-14T21:32:00.000Z",
            "value": 222
          },
          {
            "time": "2023-01-14T21:33:00.000Z",
            "value": 220.5
          },
          {
            "time": "2023-01-14T21:34:00.000Z",
            "value": 219
          },
          {
            "time": "2023-01-14T21:35:00.000Z",
            "value": 217.5
          },
          {
            "time": "2023-01-14T21:36:00.000Z",
            "value": 216
          },
          {
            "time": "2023-01-14T21:37:00.000Z",
            "value": 214.5
          },
          {
            "time": "2023-01-14T21:38:00.000Z",
            "value": 213
          },
          {
            "time": "2023-01-14T21:39:00.000Z",
            "value": 211.5
          },
          {
            "time": "2023-01-14T21:40:00.000Z",
            "value": 210
          },
          {
            "time": "2023-01-14T21:41:00.000Z",
            "value": 208.5
          },
          {
            "time": "2023-01-14T21:42:00.000Z",
            "value": 207
          },
          {
            "time": "2023-01-14T21:43:00.000Z",
            "value": 205.5
          },
          {
            "time": "2023-01-14T21:44:00.000Z",
            "value": 204
          },
          {
            "time": "2023-01-14T21:45:00.000Z",
            "value": 202.5
          },
          {
            "time": "2023-01-14T21:46:00.000Z",
            "value": 201
          },
          {
            "time": "2023-01-14T21:47:00.000Z",
            "value": 199.5
          },
          {
            "time": "2023-01-14T21:48:00.000Z",
            "value": 198
          },
          {
            "time": "2023-01-14T21:49:00.000Z",
            "value": 196.5
          },
          {
            "time": "2023-01-14T21:50:00.000Z",
            "value": 195
          },
          {
            "time": "2023-01-14T21:51:00.000Z",
            "value": 193.5
          },
          {
            "time": "2023-01-14T21:52:00.000Z",
            "value": 192
          },
          {
            "time": "2023-01-14T21:53:00.000Z",
            "value": 190.5
          },
          {
            "time": "2023-01-14T21:54:00.000Z",
            "value": 189
          },
          {
            "time": "2023-01-14T21:55:00.000Z",
            "value": 187.5
          },
          {
            "time": "2023-01-14T21:56:00.000Z",
            "value": 186
          },
          {
            "time": "2023-01-14T21:57:00.000Z",
            "value": 184.5
          },
          {
            "time": "2023-01-14T21:58:00.000Z",
            "value": 183
          },
          {
            "time": "2023-01-14T21:59:00.000Z",
            "value": 181.5
          },
          {
            "time": "2023-01-14T22:00:00.000Z",
            "value": 180
          },
          {
            "time": "2023-01-14T22:01:00.000Z",
            "value": 178.5
          },
          {
            "time": "2023-01-14T22:02:00.000Z",
            "value": 177
          },
          {
            "time": "2023-01-14T22:03:00.000Z",
            "value": 175.5
          },
          {
            "time": "2023-01-14T22:04:00.000Z",
            "value": 174
          },
          {
            "time": "2023-01-14T22:05:00.000Z",
            "value": 172.5
          },
          {
            "time": "2023-01-14T22:06:00.000Z",
            "value": 171
          },
          {
            "time": "2023-01-14T22:07:00.000Z",
            "value": 169.5
          },
          {
            "time": "2023-01-14T22:08:00.000Z",
            "value": 168
          },
          {
            "time": "2023-01-14T22:09:00.000Z",
            "value": 166.5
          },
          {
            "time": "2023-01-14T22:10:00.000Z",
            "value": 165
          },
          {
            "time": "2023-01-14T22:11:00.000Z",
            "value": 163.5
          },
          {
            "time": "2023-01-14T22:12:00.000Z",
            "value": 162
          },
          {
            "time": "2023-01-14T22:13:00.000Z",
            "value": 160.5
          },
          {
            "time": "2023-01-14T22:14:00.000Z",
            "value": 159
          },
          {
            "time": "2023-01-14T22:15:00.000Z",
            "value": 157.5
          },
          {
            "time": "2023-01-14T22:16:00.000Z",
            "value": 156
          },
          {
            "time": "2023-01-14T22:17:00.000Z",
            "value": 154.5
          },
          {
            "time": "2023-01-14T22:18:00.000Z",
            "value": 153
          },
          {
            "time": "2023-01-14T22:19:00.000Z",
            "value": 151.5
          },
          {
            "time": "2023-01-14T22:20:00.000Z",
            "value": 150
          },
          {
            "time": "2023-01-14T22:21:00.000Z",
            "value": 148.5
          },
          {
            "time": "2023-01-14T22:22:00.000Z",
            "value": 147
          },
          {
            "time": "2023-01-14T22:23:00.000Z",
            "value": 145.5
          },
          {
            "time": "2023-01-14T22:24:00.000Z",
            "value": 144
          },
          {
            "time": "2023-01-14T22:25:00.000Z",
            "value": 142.5
          },
          {
            "time": "2023-01-14T22:26:00.000Z",
            "value": 141
          },
          {
            "time": "2023-01-14T22:27:00.000Z",
            "value": 139.5
          },
          {
            "time": "2023-01-14T22:28:00.000Z",
            "value": 138
          },
          {
            "time": "2023-01-14T22:29:00.000Z",
            "value": 136.5
          },
          {
            "time": "2023-01-14T22:30:00.000Z",
            "value": 135
          },
          {
            "time": "2023-01-14T22:31:00.000Z",
            "value": 133.5
          },
          {
            "time": "2023-01-14T22:32:00.000Z",
            "value": 132
          },
          {
            "time": "2023-01-14T22:33:00.000Z",
            "value": 130.5
          },
          {
            "time": "2023-01-14T22:34:00.000Z",
            "value": 129
          },
          {
            "time": "2023-01-14T22:35:00.000Z",
            "value": 127.5
          },
          {
            "time": "2023-01-14T22:36:00.000Z",
            "value": 126
          },
          {
            "time": "2023-01-14T22:37:00.000Z",
            "value": 124.5
          },
          {
            "time": "2023-01-14T22:38:00.000Z",
            "value": 123
          },
          {
            "time": "2023-01-14T22:39:00.000Z",
            "value": 121.5
          },
          {
            "time": "2023-01-14T22:40:00.000Z",
            "value": 120
          },
          {
            "time": "2023-01-14T22:41:00.000Z",
            "value": 118.5
          },
          {
            "time": "2023-01-14T22:42:00.000Z",
            "value": 117
          },
          {
            "time": "2023-01-14T22:43:00.000Z",
            "value": 115.5
          },
          {
            "time": "2023-01-14T22:44:00.000Z",
            "value": 114
          },
          {
            "time": "2023-01-14T22:45:00.000Z",
            "value": 112.5
          },
          {
            "time": "2023-01-14T22:46:00.000Z",
            "value": 111
          },
          {
            "time": "2023-01-14T22:47:00.000Z",
            "value": 109.5
          },
          {
            "time": "2023-01-14T22:48:00.000Z",
            "value": 108
          },
          {
            "time": "2023-01-14T22:49:00.000Z",
            "value": 106.5
          },
          {
            "time": "2023-01-14T22:50:00.000Z",
            "value": 105
          },
          {
            "time": "2023-01-14T22:51:00.000Z",
            "value": 103.5
          },
          {
            "time": "2023-01-14T22:52:00.000Z",
            "value": 102
          },
          {
            "time": "2023-01-14T22:53:00.000Z",
            "value": 100.5
          },
          {
            "time": "2023-01-14T22:54:00.000Z",
            "value": 99
          },
          {
            "time": "2023-01-14T22:55:00.000Z",
            "value": 97.5
          },
          {
            "time": "2023-01-14T22:56:00.000Z",
            "value": 96
          },
          {
            "time": "2023-01-14T22:57:00.000Z",
            "value": 94.5
          },
          {
            "time": "2023-01-14T22:58:00.000Z",
            "value": 93
          },
          {
            "time": "2023-01-14T22:59:00.000Z",
            "value": 91.5
          },
          {
            "time": "2023-01-14T23:00:00.000Z",
            "value": 90
          },
          {
            "time": "2023-01-14T23:01:00.000Z",
            "value": 88.5
          },
          {
            "time": "2023-01-14T23:02:00.000Z",
            "value": 87
          },
          {
            "time": "2023-01-14T23:03:00.000Z",
            "value": 85.5
          },
          {
            "time": "2023-01-14T23:04:00.000Z",
            "value": 84
          },
          {
            "time": "2023-01-14T23:05:00.000Z",
            "value": 82.5
          },
          {
            "time": "2023-01-14T23:06:00.000Z",
            "value": 81
          },
          {
            "time": "2023-01-14T23:07:00.000Z",
            "value": 79.5
          },
          {
            "time": "2023-01-14T23:08:00.000Z",
            "value": 78
          },
          {
            "time": "2023-01-14T23:09:00.000Z",
            "value": 76.5
          },
          {
            "time": "2023-01-14T23:10:00.000Z",
            "value": 75
          },
          {
            "time": "2023-01-14T23:11:00.000Z",
            "value": 73.5
          },
          {
            "time": "2023-01-14T23:12:00.000Z",
            "value": 72
          },
          {
            "time": "2023-01-14T23:13:00.000Z",
            "value": 70.5
          },
          {
            "time": "2023-01-14T23:14:00.000Z",
            "value": 69
          },
          {
            "time": "2023-01-14T23:15:00.000Z",
            "value": 67.5
          },
          {
            "time": "2023-01-14T23:16:00.000Z",
            "value": 66
          },
          {
            "time": "2023-01-14T23:17:00.000Z",
            "value": 64.5
          },
          {
            "time": "2023-01-14T23:18:00.000Z",
            "value": 63
          },
          {
            "time": "2023-01-14T23:19:00.000Z",
            "value": 61.5
          },
          {
            "time": "2023-01-14T23:20:00.000Z",
            "value": 60
          },
          {
            "time": "2023-01-14T23:21:00.000Z",
            "value": 58.5
          },
          {
            "time": "2023-01-14T23:22:00.000Z",
            "value": 57
          },
          {
            "time": "2023-01-14T23:23:00.000Z",
            "value": 55.5
          },
          {
            "time": "2023-01-14T23:24:00.000Z",
            "value": 54
          },
          {
            "time": "2023-01-14T23:25:00.000Z",
            "value": 52.5
          },
          {
            "time": "2023-01-14T23:26:00.000Z",
            "value": 51
          },
          {
            "time": "2023-01-14T23:27:00.000Z",
            "value": 49.5
          },
          {
            "time": "2023-01-14T23:28:00.000Z",
            "value": 48
          },
          {
            "time": "2023-01-14T23:29:00.000Z",
            "value": 46.5
          },
          {
            "time": "2023-01-14T23:30:00.000Z",
            "value": 45
          },
          {
            "time": "2023-01-14T23:31:00.000Z",
            "value": 43.5
          },
          {
            "time": "2023-01-14T23:32:00.000Z",
            "value": 42
          },
          {
            "time": "2023-01-14T23:33:00.000Z",
            "value": 40.5
          },
          {
            "time": "2023-01-14T23:34:00.000Z",
            "value": 39
          },
          {
            "time": "2023-01-14T23:35:00.000Z",
            "value": 37.5
          },
          {
            "time": "2023-01-14T23:36:00.000Z",
            "value": 36
          },
          {
            "time": "2023-01-14T23:37:00.000Z",
            "value": 34.5
          },
          {
            "time": "2023-01-14T23:38:00.000Z",
            "value": 33
          },
          {
            "time": "2023-01-14T23:39:00.000Z",
            "value": 31.5
          },
          {
            "time": "2023-01-14T23:40:00.000Z",
            "value": 30
          },
          {
            "time": "2023-01-14T23:41:00.000Z",
            "value": 28.5
          },
          {
            "time": "2023-01-14T23:42:00.000Z",
            "value": 27
          },
          {
            "time": "2023-01-14T23:43:00.000Z",
            "value": 25.5
          },
          {
            "time": "2023-01-14T23:44:00.000Z",
            "value": 24
          },
          {
            "time": "2023-01-14T23:45:00.000Z",
            "value": 22.5
          },
          {
            "time": "2023-01-14T23:46:00.000Z",
            "value": 21
          },
          {
            "time": "2023-01-14T23:47:00.000Z",
            "value": 19.5
          },
          {
            "time": "2023-01-14T23:48:00.000Z",
            "value": 18
          },
          {
            "time": "2023-01-14T23:49:00.000Z",
            "value": 16.5
          },
          {
            "time": "2023-01-14T23:50:00.000Z",
            "value": 15
          },
          {
            "time": "2023-01-14T23:51:00.000Z",
            "value": 13.5
          },
          {
            "time": "2023-01-14T23:52:00.000Z",
            "value": 12
          },
          {
            "time": "2023-01-14T23:53:00.000Z",
            "value": 10.5
          },
          {
            "time": "2023-01-14T23:54:00.000Z",
            "value": 9
          },
          {
            "time": "2023-01-14T23:55:00.000Z",
            "value": 7.5
          },
          {
            "time": "2023-01-14T23:56:00.000Z",
            "value": 6
          },
          {
            "time": "2023-01-14T23:57:00.000Z",
            "value": 4.5
          },
          {
            "time": "2023-01-14T23:58:00.000Z",
            "value": 3
          },
          {
            "time": "2023-01-14T23:59:00.000Z",
            "value": 1.5
          },
          {
            "time": "2023-01-15T00:00:00.000Z",
            "value": null
          }
        ]
      }
    }
  }
}
