{
  "errors": [
    {
      "message": "Unexpected Execution Error",
      "locations": [
        {
          "line": 4,
          "column": 21
        }
      ],
      "path": [
        "machineTimeSpan",
        "machineAlarmCount"
      ]
    }
  ],
  "data": {
    "machineTimeSpan": {
      "machineAlarmCount": null
    }
  }
}
