{
  "data": {
    "physicalAssetCapabilityTestSpecification": {
      "capabilityTestType": "VOLUME",
      "capabilityTestSpecificationId": "VolumeCapabilityTestSpecificationDto #1",
      "version": 1,
      "volumeDeviationUpperLimit": 5,
      "volumeDeviationLowerLimit": null,
      "isRelative": true
    }
  }
}
