{
  "data": {
    "physicalAsset": {
      "physicalAssetId": "AniloxPhysicalAssetDto #1",
      "physicalAssetType": "ANILOX",
      "serialNumber": "9876543210",
      "scanCodes": [
        "123456789",
        "987654321"
      ],
      "usageCounter": {
        "current": 0,
        "atLastCleaning": null,
        "unit": "mm"
      },
      "timeUsageCounter": {
        "current": 0,
        "atLastCleaning": null,
        "unit": "ms"
      },
      "equippedBy": {
        "equipmentType": "MACHINE",
        "equipmentId": "EQ12345",
        "description": "Machine 12345"
      }
    }
  }
}
