{
  "data": {
    "producedJobs": {
      "items": [
        {
          "machineId": "EQ12345",
          "jobSize": {
            "averageValue": 1111.1
          }
        },
        {
          "machineId": "EQ12345",
          "jobSize": {
            "averageValue": 1111.1
          }
        },
        {
          "machineId": "EQ12345",
          "jobSize": {
            "averageValue": 1111.1
          }
        }
      ]
    }
  }
}
